C:\Users\pawel\.conda\envs\mlagents2\lib\site-packages\mlagents\torch_utils\torch.py:4: UserWarning: pkg_resources is deprecated as an API. See https://setuptools.pypa.io/en/latest/pkg_resources.html. The pkg_resources package is slated for removal as early as 2025-11-30. Refrain from using this package or pin to Setuptools<81.
  import pkg_resources
C:\Users\pawel\.conda\envs\mlagents2\lib\site-packages\mlagents\torch_utils\torch.py:4: UserWarning: pkg_resources is deprecated as an API. See https://setuptools.pypa.io/en/latest/pkg_resources.html. The pkg_resources package is slated for removal as early as 2025-11-30. Refrain from using this package or pin to Setuptools<81.
  import pkg_resources
[INFO] Connected to Unity environment with package version 3.0.0-exp.1 and communication version 1.5.0
[INFO] Connected new brain: 3DBall?team=0


	Unity Technologies

 Version information:
  ml-agents: 1.1.0,
  ml-agents-envs: 1.1.0,
  Communicator API: 1.5.0,
  PyTorch: 2.9.1+cpu
[INFO] Hyperparameters for behavior name 3DBall: 
	trainer_type:	ppo
	hyperparameters:	
	  batch_size:	32
	  buffer_size:	212640
	  learning_rate:	0.0003
	  beta:	0.005
	  epsilon:	0.2
	  lambd:	0.95
	  num_epoch:	3
	  shared_critic:	False
	  learning_rate_schedule:	linear
	  beta_schedule:	linear
	  epsilon_schedule:	linear
	checkpoint_interval:	500000
	network_settings:	
	  normalize:	False
	  hidden_units:	92
	  num_layers:	1
	  vis_encode_type:	simple
	  memory:	None
	  goal_conditioning_type:	hyper
	  deterministic:	False
	reward_signals:	
	  extrinsic:	
	    gamma:	0.99
	    strength:	1.0
	    network_settings:	
	      normalize:	False
	      hidden_units:	128
	      num_layers:	2
	      vis_encode_type:	simple
	      memory:	None
	      goal_conditioning_type:	hyper
	      deterministic:	False
	init_path:	None
	keep_checkpoints:	5
	even_checkpoints:	False
	max_steps:	100000
	time_horizon:	64
	summary_freq:	10000
	threaded:	False
	self_play:	None
	behavioral_cloning:	None
[INFO] 3DBall. Step: 10000. Time Elapsed: 11.375 s. Mean Reward: 0.909. Std of Reward: 0.570. Training.
[INFO] 3DBall. Step: 20000. Time Elapsed: 15.671 s. Mean Reward: 0.867. Std of Reward: 0.516. Training.
[INFO] 3DBall. Step: 30000. Time Elapsed: 19.821 s. Mean Reward: 0.918. Std of Reward: 0.614. Training.
[INFO] 3DBall. Step: 40000. Time Elapsed: 24.316 s. Mean Reward: 0.882. Std of Reward: 0.514. Training.
[INFO] 3DBall. Step: 50000. Time Elapsed: 28.550 s. Mean Reward: 0.916. Std of Reward: 0.558. Training.
[INFO] 3DBall. Step: 60000. Time Elapsed: 32.809 s. Mean Reward: 0.924. Std of Reward: 0.594. Training.
[INFO] 3DBall. Step: 70000. Time Elapsed: 37.433 s. Mean Reward: 0.887. Std of Reward: 0.551. Training.
[INFO] 3DBall. Step: 80000. Time Elapsed: 43.966 s. Mean Reward: 0.935. Std of Reward: 0.557. Training.
[INFO] 3DBall. Step: 90000. Time Elapsed: 50.567 s. Mean Reward: 0.880. Std of Reward: 0.557. Training.
[INFO] 3DBall. Step: 100000. Time Elapsed: 55.792 s. Mean Reward: 0.883. Std of Reward: 0.582. Training.
C:\Users\pawel\.conda\envs\mlagents2\lib\site-packages\mlagents\trainers\torch_entities\model_serialization.py:164: UserWarning: # 'dynamic_axes' is not recommended when dynamo=True, and may lead to 'torch._dynamo.exc.UserError: Constraints violated.' Supply the 'dynamic_shapes' argument instead if export is unsuccessful.
  torch.onnx.export(
W1203 21:41:20.565000 23728 site-packages\torch\onnx\_internal\exporter\_compat.py:114] Setting ONNX exporter to use operator set version 18 because the requested opset_version 9 is a lower version than we have implementations for. Automatic version conversion will be performed, which may not be successful at converting to the requested version. If version conversion is unsuccessful, the opset version of the exported model will be kept at 18. Please consider setting opset_version >=18 to leverage latest ONNX features
W1203 21:41:21.135000 23728 site-packages\torch\onnx\_internal\exporter\_registration.py:107] torchvision is not installed. Skipping torchvision::nms
Traceback (most recent call last):
  File "C:\Users\pawel\.conda\envs\mlagents2\lib\runpy.py", line 196, in _run_module_as_main
    return _run_code(code, main_globals, None,
  File "C:\Users\pawel\.conda\envs\mlagents2\lib\runpy.py", line 86, in _run_code
    exec(code, run_globals)
  File "C:\Users\pawel\.conda\envs\mlagents2\Scripts\mlagents-learn.exe\__main__.py", line 6, in <module>
  File "C:\Users\pawel\.conda\envs\mlagents2\lib\site-packages\mlagents\trainers\learn.py", line 270, in main
    run_cli(parse_command_line())
  File "C:\Users\pawel\.conda\envs\mlagents2\lib\site-packages\mlagents\trainers\learn.py", line 266, in run_cli
    run_training(run_seed, options, num_areas)
  File "C:\Users\pawel\.conda\envs\mlagents2\lib\site-packages\mlagents\trainers\learn.py", line 138, in run_training
    tc.start_learning(env_manager)
  File "C:\Users\pawel\.conda\envs\mlagents2\lib\site-packages\mlagents_envs\timers.py", line 305, in wrapped
    return func(*args, **kwargs)
  File "C:\Users\pawel\.conda\envs\mlagents2\lib\site-packages\mlagents\trainers\trainer_controller.py", line 200, in start_learning
    self._save_models()
  File "C:\Users\pawel\.conda\envs\mlagents2\lib\site-packages\mlagents_envs\timers.py", line 305, in wrapped
    return func(*args, **kwargs)
  File "C:\Users\pawel\.conda\envs\mlagents2\lib\site-packages\mlagents\trainers\trainer_controller.py", line 80, in _save_models
    self.trainers[brain_name].save_model()
  File "C:\Users\pawel\.conda\envs\mlagents2\lib\site-packages\mlagents\trainers\trainer\rl_trainer.py", line 172, in save_model
    model_checkpoint = self._checkpoint()
  File "C:\Users\pawel\.conda\envs\mlagents2\lib\site-packages\mlagents_envs\timers.py", line 305, in wrapped
    return func(*args, **kwargs)
  File "C:\Users\pawel\.conda\envs\mlagents2\lib\site-packages\mlagents\trainers\trainer\rl_trainer.py", line 144, in _checkpoint
    export_path, auxillary_paths = self.model_saver.save_checkpoint(
  File "C:\Users\pawel\.conda\envs\mlagents2\lib\site-packages\mlagents\trainers\model_saver\torch_model_saver.py", line 60, in save_checkpoint
    self.export(checkpoint_path, behavior_name)
  File "C:\Users\pawel\.conda\envs\mlagents2\lib\site-packages\mlagents\trainers\model_saver\torch_model_saver.py", line 65, in export
    self.exporter.export_policy_model(output_filepath)
  File "C:\Users\pawel\.conda\envs\mlagents2\lib\site-packages\mlagents\trainers\torch_entities\model_serialization.py", line 164, in export_policy_model
    torch.onnx.export(
  File "C:\Users\pawel\.conda\envs\mlagents2\lib\site-packages\torch\onnx\__init__.py", line 296, in export
    return _compat.export_compat(
  File "C:\Users\pawel\.conda\envs\mlagents2\lib\site-packages\torch\onnx\_internal\exporter\_compat.py", line 143, in export_compat
    onnx_program = _core.export(
  File "C:\Users\pawel\.conda\envs\mlagents2\lib\site-packages\torch\onnx\_internal\exporter\_flags.py", line 23, in wrapper
    return func(*args, **kwargs)
  File "C:\Users\pawel\.conda\envs\mlagents2\lib\site-packages\torch\onnx\_internal\exporter\_core.py", line 1336, in export
    result = strategy(model, args, kwargs, dynamic_shapes=dynamic_shapes)
  File "C:\Users\pawel\.conda\envs\mlagents2\lib\site-packages\torch\onnx\_internal\exporter\_capture_strategies.py", line 126, in __call__
    self._success(model)
  File "C:\Users\pawel\.conda\envs\mlagents2\lib\site-packages\torch\onnx\_internal\exporter\_capture_strategies.py", line 238, in _success
    self._verbose_print(
  File "C:\Users\pawel\.conda\envs\mlagents2\lib\site-packages\torch\onnx\_internal\exporter\_capture_strategies.py", line 29, in <lambda>
    return lambda *args, **kwargs: print("[torch.onnx]", *args, **kwargs)
  File "C:\Users\pawel\.conda\envs\mlagents2\lib\encodings\cp1252.py", line 19, in encode
    return codecs.charmap_encode(input,self.errors,encoding_table)[0]
UnicodeEncodeError: 'charmap' codec can't encode character '\u2705' in position 92: character maps to <undefined>
[torch.onnx] Obtain model graph for `SimpleActor([...]` with `torch.export.export(..., strict=False)`...
[torch.onnx] 